2025-04-04 06:39:00.109175 - Received CBT.V508.FILE246.PDS from FILE246.XMI 
2025-04-04 06:39:00.110275 - Found $$$#DATE.txt (text/plain) in CBT.V508.FILE246.PDS, moved to PDS/$$$#DATE
2025-04-04 06:39:00.110434 - Found $$NOTE1.txt (text/plain) in CBT.V508.FILE246.PDS, moved to PDS/$$NOTE1
2025-04-04 06:39:00.110582 - Found @FILE246.txt (text/plain) in CBT.V508.FILE246.PDS, moved to PDS/@FILE246
2025-04-04 06:39:00.110703 - Found CLRDUMP1.txt (text/plain) in CBT.V508.FILE246.PDS, moved to PDS/CLRDUMP1
2025-04-04 06:39:00.110839 - Found COMPLNKL.txt (text/plain) in CBT.V508.FILE246.PDS, moved to PDS/COMPLNKL
2025-04-04 06:39:00.110955 - Found COMPLNK2.txt (text/plain) in CBT.V508.FILE246.PDS, moved to PDS/COMPLNK2
2025-04-04 06:39:00.111078 - Found COMPRDSN.txt (text/plain) in CBT.V508.FILE246.PDS, moved to PDS/COMPRDSN
2025-04-04 06:39:00.111220 - Found COMPRLLA.txt (text/plain) in CBT.V508.FILE246.PDS, moved to PDS/COMPRLLA
2025-04-04 06:39:00.111340 - Found DSS0E0FY.txt (text/plain) in CBT.V508.FILE246.PDS, moved to PDS/DSS0E0FY
2025-04-04 06:39:00.111448 - Found ICK#INIT.txt (text/plain) in CBT.V508.FILE246.PDS, moved to PDS/ICK#INIT
2025-04-04 06:39:00.111587 - Found ICK#INI3.txt (text/plain) in CBT.V508.FILE246.PDS, moved to PDS/ICK#INI3
2025-04-04 06:39:00.111725 - Found ICK#PROD.txt (text/plain) in CBT.V508.FILE246.PDS, moved to PDS/ICK#PROD
2025-04-04 06:39:00.111847 - Found ICK#SMS.txt (text/plain) in CBT.V508.FILE246.PDS, moved to PDS/ICK#SMS
2025-04-04 06:39:00.111973 - Found ICK#SMS2.txt (text/plain) in CBT.V508.FILE246.PDS, moved to PDS/ICK#SMS2
2025-04-04 06:39:00.112085 - Found ICK#Y2K.txt (text/plain) in CBT.V508.FILE246.PDS, moved to PDS/ICK#Y2K
2025-04-04 06:39:00.112219 - Found ICK#Y2KB.txt (text/plain) in CBT.V508.FILE246.PDS, moved to PDS/ICK#Y2KB
2025-04-04 06:39:00.112353 - Found SMS#DSF.txt (text/plain) in CBT.V508.FILE246.PDS, moved to PDS/SMS#DSF
2025-04-04 06:39:00.112497 - Found TMP##TRI.txt (text/plain) in CBT.V508.FILE246.PDS, moved to PDS/TMP##TRI
2025-04-04 06:39:00.112664 - Found W$$MGCR.jcl (text/plain) in CBT.V508.FILE246.PDS, moved to PDS/W$$MGCR
